---
source: loomgui_core/tests/snapshot.rs
expression: json
---
[
  {
    "node_id": 4097,
    "parent_id": null,
    "visible": true,
    "alpha": 1.0,
    "color_tint": [
      1.0,
      0.0,
      0.0,
      1.0
    ],
    "world_matrix": [
      1.0,
      0.0,
      0.0,
      1.0,
      0.0,
      0.0
    ],
    "blend": "Normal",
    "mask_context": 0,
    "sort_key": 0,
    "change_level": "Full",
    "reuse_key": 0,
    "payload": {
      "Mesh": {
        "verts": [
          [
            0.0,
            0.0
          ],
          [
            300.0,
            0.0
          ],
          [
            300.0,
            200.0
          ],
          [
            0.0,
            200.0
          ]
        ],
        "uvs": [
          [
            0.0,
            1.0
          ],
          [
            1.0,
            1.0
          ],
          [
            1.0,
            0.0
          ],
          [
            0.0,
            0.0
          ]
        ],
        "colors": [
          [
            0.0,
            0.0,
            0.0,
            0.0
          ],
          [
            0.0,
            0.0,
            0.0,
            0.0
          ],
          [
            0.0,
            0.0,
            0.0,
            0.0
          ],
          [
            0.0,
            0.0,
            0.0,
            0.0
          ]
        ],
        "indices": [
          0,
          1,
          2,
          0,
          2,
          3
        ],
        "image_path": null,
        "program": 0,
        "color_matrix": [
          0.0,
          0.0,
          0.0,
          0.0,
          0.0,
          0.0,
          0.0,
          0.0,
          0.0,
          0.0,
          0.0,
          0.0,
          0.0,
          0.0,
          0.0,
          0.0,
          0.0,
          0.0,
          0.0,
          0.0
        ]
      }
    }
  },
  {
    "node_id": 8193,
    "parent_id": 4097,
    "visible": true,
    "alpha": 1.0,
    "color_tint": [
      1.0,
      0.0,
      0.0,
      1.0
    ],
    "world_matrix": [
      1.0,
      0.0,
      0.0,
      1.0,
      0.0,
      0.0
    ],
    "blend": "Normal",
    "mask_context": 0,
    "sort_key": 1,
    "change_level": "Full",
    "reuse_key": 0,
    "payload": {
      "Mesh": {
        "verts": [
          [
            0.81640625,
            20.36914
          ],
          [
            12.816406,
            20.36914
          ],
          [
            12.816406,
            2.3691406
          ],
          [
            0.81640625,
            2.3691406
          ],
          [
            13.560547,
            20.36914
          ],
          [
            17.560547,
            20.36914
          ],
          [
            17.560547,
            2.3691406
          ],
          [
            13.560547,
            2.3691406
          ]
        ],
        "uvs": [
          [
            0.0,
            0.0043945312
          ],
          [
            0.0029296875,
            0.0043945312
          ],
          [
            0.0029296875,
            0.0
          ],
          [
            0.0,
            0.0
          ],
          [
            0.0029296875,
            0.0043945312
          ],
          [
            0.00390625,
            0.0043945312
          ],
          [
            0.00390625,
            0.0
          ],
          [
            0.0029296875,
            0.0
          ]
        ],
        "colors": [
          [
            1.0,
            0.0,
            0.0,
            1.0
          ],
          [
            1.0,
            0.0,
            0.0,
            1.0
          ],
          [
            1.0,
            0.0,
            0.0,
            1.0
          ],
          [
            1.0,
            0.0,
            0.0,
            1.0
          ],
          [
            1.0,
            0.0,
            0.0,
            1.0
          ],
          [
            1.0,
            0.0,
            0.0,
            1.0
          ],
          [
            1.0,
            0.0,
            0.0,
            1.0
          ],
          [
            1.0,
            0.0,
            0.0,
            1.0
          ]
        ],
        "indices": [
          0,
          1,
          2,
          0,
          2,
          3,
          4,
          5,
          6,
          4,
          6,
          7
        ],
        "image_path": "loomgui://font-atlas/p0",
        "program": 1,
        "color_matrix": [
          0.0,
          0.0,
          0.0,
          0.0,
          0.0,
          0.0,
          0.0,
          0.0,
          0.0,
          0.0,
          0.0,
          0.0,
          0.0,
          0.0,
          0.0,
          0.0,
          0.0,
          0.0,
          0.0,
          0.0
        ]
      }
    }
  }
]
