---
source: loomgui_core/tests/snapshot.rs
expression: json
---
[
  {
    "node_id": 4097,
    "parent_id": null,
    "visible": true,
    "alpha": 1.0,
    "color_tint": [
      1.0,
      1.0,
      1.0,
      1.0
    ],
    "world_matrix": [
      1.0,
      0.0,
      0.0,
      1.0,
      0.0,
      0.0
    ],
    "blend": "Normal",
    "mask_context": 0,
    "sort_key": 1,
    "change_level": "Full",
    "reuse_key": 0,
    "payload": {
      "Mesh": {
        "verts": [
          [
            0.0,
            0.0
          ],
          [
            300.0,
            0.0
          ],
          [
            300.0,
            200.0
          ],
          [
            0.0,
            200.0
          ],
          [
            0.0,
            0.0
          ],
          [
            300.0,
            0.0
          ],
          [
            300.0,
            30.0
          ],
          [
            0.0,
            30.0
          ]
        ],
        "uvs": [
          [
            0.0,
            1.0
          ],
          [
            1.0,
            1.0
          ],
          [
            1.0,
            0.0
          ],
          [
            0.0,
            0.0
          ],
          [
            0.0,
            1.0
          ],
          [
            1.0,
            1.0
          ],
          [
            1.0,
            0.0
          ],
          [
            0.0,
            0.0
          ]
        ],
        "colors": [
          [
            0.0,
            0.0,
            0.0,
            0.0
          ],
          [
            0.0,
            0.0,
            0.0,
            0.0
          ],
          [
            0.0,
            0.0,
            0.0,
            0.0
          ],
          [
            0.0,
            0.0,
            0.0,
            0.0
          ],
          [
            0.0,
            0.0,
            0.0,
            0.0
          ],
          [
            0.0,
            0.0,
            0.0,
            0.0
          ],
          [
            0.0,
            0.0,
            0.0,
            0.0
          ],
          [
            0.0,
            0.0,
            0.0,
            0.0
          ]
        ],
        "indices": [
          0,
          1,
          2,
          0,
          2,
          3,
          4,
          5,
          6,
          4,
          6,
          7
        ],
        "image_path": null,
        "program": 0,
        "color_matrix": [
          0.0,
          0.0,
          0.0,
          0.0,
          0.0,
          0.0,
          0.0,
          0.0,
          0.0,
          0.0,
          0.0,
          0.0,
          0.0,
          0.0,
          0.0,
          0.0,
          0.0,
          0.0,
          0.0,
          0.0
        ]
      }
    }
  },
  {
    "node_id": 12289,
    "parent_id": 8193,
    "visible": true,
    "alpha": 1.0,
    "color_tint": [
      0.0,
      0.0,
      0.0,
      1.0
    ],
    "world_matrix": [
      1.0,
      0.0,
      0.0,
      1.0,
      0.0,
      0.0
    ],
    "blend": "Normal",
    "mask_context": 0,
    "sort_key": 2,
    "change_level": "Full",
    "reuse_key": 0,
    "payload": {
      "Mesh": {
        "verts": [
          [
            -1.0,
            16.0
          ],
          [
            11.0,
            16.0
          ],
          [
            11.0,
            2.0
          ],
          [
            -1.0,
            2.0
          ],
          [
            10.0,
            17.0
          ],
          [
            14.0,
            17.0
          ],
          [
            14.0,
            2.0
          ],
          [
            10.0,
            2.0
          ],
          [
            13.0,
            17.0
          ],
          [
            21.0,
            17.0
          ],
          [
            21.0,
            3.0
          ],
          [
            13.0,
            3.0
          ],
          [
            21.0,
            17.0
          ],
          [
            25.0,
            17.0
          ],
          [
            25.0,
            2.0
          ],
          [
            21.0,
            2.0
          ],
          [
            24.0,
            17.0
          ],
          [
            35.0,
            17.0
          ],
          [
            35.0,
            5.0
          ],
          [
            24.0,
            5.0
          ]
        ],
        "uvs": [
          [
            0.0,
            0.0034179688
          ],
          [
            0.0029296875,
            0.0034179688
          ],
          [
            0.0029296875,
            0.0
          ],
          [
            0.0,
            0.0
          ],
          [
            0.0029296875,
            0.0036621094
          ],
          [
            0.00390625,
            0.0036621094
          ],
          [
            0.00390625,
            0.0
          ],
          [
            0.0029296875,
            0.0
          ],
          [
            0.00390625,
            0.0034179688
          ],
          [
            0.005859375,
            0.0034179688
          ],
          [
            0.005859375,
            0.0
          ],
          [
            0.00390625,
            0.0
          ],
          [
            0.005859375,
            0.0036621094
          ],
          [
            0.0068359375,
            0.0036621094
          ],
          [
            0.0068359375,
            0.0
          ],
          [
            0.005859375,
            0.0
          ],
          [
            0.0068359375,
            0.0029296875
          ],
          [
            0.009521484,
            0.0029296875
          ],
          [
            0.009521484,
            0.0
          ],
          [
            0.0068359375,
            0.0
          ]
        ],
        "colors": [
          [
            0.0,
            0.0,
            0.0,
            1.0
          ],
          [
            0.0,
            0.0,
            0.0,
            1.0
          ],
          [
            0.0,
            0.0,
            0.0,
            1.0
          ],
          [
            0.0,
            0.0,
            0.0,
            1.0
          ],
          [
            0.0,
            0.0,
            0.0,
            1.0
          ],
          [
            0.0,
            0.0,
            0.0,
            1.0
          ],
          [
            0.0,
            0.0,
            0.0,
            1.0
          ],
          [
            0.0,
            0.0,
            0.0,
            1.0
          ],
          [
            0.0,
            0.0,
            0.0,
            1.0
          ],
          [
            0.0,
            0.0,
            0.0,
            1.0
          ],
          [
            0.0,
            0.0,
            0.0,
            1.0
          ],
          [
            0.0,
            0.0,
            0.0,
            1.0
          ],
          [
            0.0,
            0.0,
            0.0,
            1.0
          ],
          [
            0.0,
            0.0,
            0.0,
            1.0
          ],
          [
            0.0,
            0.0,
            0.0,
            1.0
          ],
          [
            0.0,
            0.0,
            0.0,
            1.0
          ],
          [
            0.0,
            0.0,
            0.0,
            1.0
          ],
          [
            0.0,
            0.0,
            0.0,
            1.0
          ],
          [
            0.0,
            0.0,
            0.0,
            1.0
          ],
          [
            0.0,
            0.0,
            0.0,
            1.0
          ]
        ],
        "indices": [
          0,
          1,
          2,
          0,
          2,
          3,
          4,
          5,
          6,
          4,
          6,
          7,
          8,
          9,
          10,
          8,
          10,
          11,
          12,
          13,
          14,
          12,
          14,
          15,
          16,
          17,
          18,
          16,
          18,
          19
        ],
        "image_path": "loomgui://font-atlas/p0",
        "program": 1,
        "color_matrix": [
          0.0,
          0.0,
          0.0,
          0.0,
          0.0,
          0.0,
          0.0,
          0.0,
          0.0,
          0.0,
          0.0,
          0.0,
          0.0,
          0.0,
          0.0,
          0.0,
          0.0,
          0.0,
          0.0,
          0.0
        ]
      }
    }
  },
  {
    "node_id": 16385,
    "parent_id": 4097,
    "visible": true,
    "alpha": 1.0,
    "color_tint": [
      0.0,
      0.0,
      0.0,
      1.0
    ],
    "world_matrix": [
      1.0,
      0.0,
      0.0,
      1.0,
      0.0,
      38.0
    ],
    "blend": "Normal",
    "mask_context": 0,
    "sort_key": 3,
    "change_level": "Full",
    "reuse_key": 0,
    "payload": {
      "Mesh": {
        "verts": [
          [
            0.0,
            38.0
          ],
          [
            100.0,
            38.0
          ],
          [
            100.0,
            78.0
          ],
          [
            0.0,
            78.0
          ]
        ],
        "uvs": [
          [
            0.0,
            1.0
          ],
          [
            1.0,
            1.0
          ],
          [
            1.0,
            0.0
          ],
          [
            0.0,
            0.0
          ]
        ],
        "colors": [
          [
            0.0,
            0.0,
            0.0,
            0.0
          ],
          [
            0.0,
            0.0,
            0.0,
            0.0
          ],
          [
            0.0,
            0.0,
            0.0,
            0.0
          ],
          [
            0.0,
            0.0,
            0.0,
            0.0
          ]
        ],
        "indices": [
          0,
          1,
          2,
          0,
          2,
          3
        ],
        "image_path": null,
        "program": 0,
        "color_matrix": [
          0.0,
          0.0,
          0.0,
          0.0,
          0.0,
          0.0,
          0.0,
          0.0,
          0.0,
          0.0,
          0.0,
          0.0,
          0.0,
          0.0,
          0.0,
          0.0,
          0.0,
          0.0,
          0.0,
          0.0
        ]
      }
    }
  },
  {
    "node_id": 20481,
    "parent_id": 16385,
    "visible": true,
    "alpha": 1.0,
    "color_tint": [
      0.0,
      0.0,
      0.0,
      1.0
    ],
    "world_matrix": [
      1.0,
      0.0,
      0.0,
      1.0,
      0.0,
      38.0
    ],
    "blend": "Normal",
    "mask_context": 0,
    "sort_key": 4,
    "change_level": "Full",
    "reuse_key": 0,
    "payload": {
      "Mesh": {
        "verts": [
          [
            38.0,
            55.0
          ],
          [
            51.0,
            55.0
          ],
          [
            51.0,
            40.0
          ],
          [
            38.0,
            40.0
          ],
          [
            52.0,
            54.0
          ],
          [
            64.0,
            54.0
          ],
          [
            64.0,
            40.0
          ],
          [
            52.0,
            40.0
          ]
        ],
        "uvs": [
          [
            0.009521484,
            0.0036621094
          ],
          [
            0.0126953125,
            0.0036621094
          ],
          [
            0.0126953125,
            0.0
          ],
          [
            0.009521484,
            0.0
          ],
          [
            0.0126953125,
            0.0034179688
          ],
          [
            0.015625,
            0.0034179688
          ],
          [
            0.015625,
            0.0
          ],
          [
            0.0126953125,
            0.0
          ]
        ],
        "colors": [
          [
            0.0,
            0.0,
            0.0,
            1.0
          ],
          [
            0.0,
            0.0,
            0.0,
            1.0
          ],
          [
            0.0,
            0.0,
            0.0,
            1.0
          ],
          [
            0.0,
            0.0,
            0.0,
            1.0
          ],
          [
            0.0,
            0.0,
            0.0,
            1.0
          ],
          [
            0.0,
            0.0,
            0.0,
            1.0
          ],
          [
            0.0,
            0.0,
            0.0,
            1.0
          ],
          [
            0.0,
            0.0,
            0.0,
            1.0
          ]
        ],
        "indices": [
          0,
          1,
          2,
          0,
          2,
          3,
          4,
          5,
          6,
          4,
          6,
          7
        ],
        "image_path": "loomgui://font-atlas/p0",
        "program": 1,
        "color_matrix": [
          0.0,
          0.0,
          0.0,
          0.0,
          0.0,
          0.0,
          0.0,
          0.0,
          0.0,
          0.0,
          0.0,
          0.0,
          0.0,
          0.0,
          0.0,
          0.0,
          0.0,
          0.0,
          0.0,
          0.0
        ]
      }
    }
  }
]
